// Jest Snapshot v1, https://goo.gl/fbAQLP

exports[`MazeMapper component renders a maze table when given a maze object 1`] = `
<table
  style={
    Object {
      "transform": "translate( 48px, 48px )",
    }
  }
>
  <tbody>
    <tr>
      <Tile
        value="WALL"
      />
      <Tile
        value="WALL"
      />
      <Tile
        value="WALL"
      />
      <Tile
        value="WALL"
      />
      <Tile
        value="WALL"
      />
    </tr>
    <tr>
      <Tile
        value="WALL"
      />
      <Tile
        value="START"
      />
      <Tile
        value="WALL"
      />
      <Tile
        value="END"
      />
      <Tile
        value="WALL"
      />
    </tr>
    <tr>
      <Tile
        value="WALL"
      />
      <Tile
        value="FLOOR"
      />
      <Tile
        value="WALL"
      />
      <Tile
        value="FLOOR"
      />
      <Tile
        value="WALL"
      />
    </tr>
    <tr>
      <Tile
        value="WALL"
      />
      <Tile
        value="FLOOR"
      />
      <Tile
        value="FLOOR"
      />
      <Tile
        value="FLOOR"
      />
      <Tile
        value="WALL"
      />
    </tr>
    <tr>
      <Tile
        value="WALL"
      />
      <Tile
        value="WALL"
      />
      <Tile
        value="WALL"
      />
      <Tile
        value="WALL"
      />
      <Tile
        value="WALL"
      />
    </tr>
  </tbody>
</table>
`;
