// Jest Snapshot v1, https://goo.gl/fbAQLP

exports[`MazeBuilder component renders a maze table when given a maze object 1`] = `
<table
  className="Maze"
  style={
    Object {
      "transform": "transform: translate( 80px, 80px )",
    }
  }
>
  <tr>
    <Tile
      value="WALL"
    />
    <Tile
      value="WALL"
    />
    <Tile
      value="WALL"
    />
    <Tile
      value="WALL"
    />
    <Tile
      value="WALL"
    />
  </tr>
  <tr>
    <Tile
      value="WALL"
    />
    <Tile
      value="START"
    />
    <Tile
      value="WALL"
    />
    <Tile
      value="END"
    />
    <Tile
      value="WALL"
    />
  </tr>
  <tr>
    <Tile
      value="WALL"
    />
    <Tile
      value="FLOOR"
    />
    <Tile
      value="WALL"
    />
    <Tile
      value="FLOOR"
    />
    <Tile
      value="WALL"
    />
  </tr>
  <tr>
    <Tile
      value="WALL"
    />
    <Tile
      value="FLOOR"
    />
    <Tile
      value="FLOOR"
    />
    <Tile
      value="FLOOR"
    />
    <Tile
      value="WALL"
    />
  </tr>
  <tr>
    <Tile
      value="WALL"
    />
    <Tile
      value="WALL"
    />
    <Tile
      value="WALL"
    />
    <Tile
      value="WALL"
    />
    <Tile
      value="WALL"
    />
  </tr>
</table>
`;
